
$ colcon list
arduinobot_cpp_examples	src/arduinobot_cpp_examples	(ros.ament_cmake)
arduinobot_description	src/arduinobot_description	(ros.ament_cmake)
arduinobot_py_examples	src/arduinobot_py_examples	(ros.ament_python)
[exit code: 0]

$ colcon graph
arduinobot_cpp_examples  +  
arduinobot_description    + 
arduinobot_py_examples     +
[exit code: 0]

$ rosdep check --from-paths src /opt/underlay/src --ignore-src --rosdistro humble
System dependencies have not been satisfied:
apt	ros-humble-ros-gz-sim
apt	ros-humble-ros-gz-bridge
[exit code: 1]

$ colcon build --symlink-install --event-handlers console_cohesion+
Starting >>> arduinobot_cpp_examples
Starting >>> arduinobot_description
Starting >>> arduinobot_py_examples
--- output: arduinobot_description
-- The C compiler identification is GNU 11.4.0
-- The CXX compiler identification is GNU 11.4.0
-- Detecting C compiler ABI info
-- Detecting C compiler ABI info - done
-- Check for working C compiler: /usr/bin/cc - skipped
-- Detecting C compile features
-- Detecting C compile features - done
-- Detecting CXX compiler ABI info
-- Detecting CXX compiler ABI info - done
-- Check for working CXX compiler: /usr/bin/c++ - skipped
-- Detecting CXX compile features
-- Detecting CXX compile features - done
-- Found ament_cmake: 1.3.14 (/opt/ros/humble/share/ament_cmake/cmake)
-- Found Python3: /usr/bin/python3 (found version "3.10.12") found components: Interpreter 
-- Override CMake install command with custom implementation using symlinks instead of copying resources
-- Found ament_lint_auto: 0.12.15 (/opt/ros/humble/share/ament_lint_auto/cmake)
-- Added test 'flake8' to check Python code syntax and style conventions
-- Added test 'lint_cmake' to check CMake code style
-- Added test 'pep257' to check Python code against some of the docstring style conventions in PEP 257
-- Added test 'xmllint' to check XML markup files
-- Configuring done
-- Generating done
-- Build files have been written to: /ws/build/arduinobot_description
-- Install configuration: ""
-- Execute custom install script
-- Symlinking: /ws/install/arduinobot_description/share/arduinobot_description/launch/display.launch.py
-- Symlinking: /ws/install/arduinobot_description/share/arduinobot_description/launch/gazebo.launch.py
-- Symlinking: /ws/install/arduinobot_description/share/arduinobot_description/meshes/base_plate.STL
-- Symlinking: /ws/install/arduinobot_description/share/arduinobot_description/meshes/basement.STL
-- Symlinking: /ws/install/arduinobot_description/share/arduinobot_description/meshes/claw_support.STL
-- Symlinking: /ws/install/arduinobot_description/share/arduinobot_description/meshes/forward_drive_arm.STL
-- Symlinking: /ws/install/arduinobot_description/share/arduinobot_description/meshes/horizontal_arm.STL
-- Symlinking: /ws/install/arduinobot_description/share/arduinobot_description/meshes/left_finger.STL
-- Symlinking: /ws/install/arduinobot_description/share/arduinobot_description/meshes/link.STL
-- Symlinking: /ws/install/arduinobot_description/share/arduinobot_description/meshes/plate.STL
-- Symlinking: /ws/install/arduinobot_description/share/arduinobot_description/meshes/right_finger.STL
-- Symlinking: /ws/install/arduinobot_description/share/arduinobot_description/meshes/round_plate.STL
-- Symlinking: /ws/install/arduinobot_description/share/arduinobot_description/meshes/servo_plate.STL
-- Symlinking: /ws/install/arduinobot_description/share/arduinobot_description/meshes/triangular_link.STL
-- Symlinking: /ws/install/arduinobot_description/share/arduinobot_description/meshes/vertical_drive_arm.STL
-- Symlinking: /ws/install/arduinobot_description/share/arduinobot_description/urdf/arduinobot.urdf.xacro
-- Symlinking: /ws/install/arduinobot_description/share/arduinobot_description/rviz/display.rviz
-- Symlinking: /ws/install/arduinobot_description/share/ament_index/resource_index/package_run_dependencies/arduinobot_description
-- Symlinking: /ws/install/arduinobot_description/share/ament_index/resource_index/parent_prefix_path/arduinobot_description
-- Symlinking: /ws/install/arduinobot_description/share/arduinobot_description/environment/ament_prefix_path.sh
-- Symlinking: /ws/install/arduinobot_description/share/arduinobot_description/environment/ament_prefix_path.dsv
-- Symlinking: /ws/install/arduinobot_description/share/arduinobot_description/environment/path.sh
-- Symlinking: /ws/install/arduinobot_description/share/arduinobot_description/environment/path.dsv
-- Symlinking: /ws/install/arduinobot_description/share/arduinobot_description/local_setup.bash
-- Symlinking: /ws/install/arduinobot_description/share/arduinobot_description/local_setup.sh
-- Symlinking: /ws/install/arduinobot_description/share/arduinobot_description/local_setup.zsh
-- Symlinking: /ws/install/arduinobot_description/share/arduinobot_description/local_setup.dsv
-- Symlinking: /ws/install/arduinobot_description/share/arduinobot_description/package.dsv
-- Symlinking: /ws/install/arduinobot_description/share/ament_index/resource_index/packages/arduinobot_description
-- Symlinking: /ws/install/arduinobot_description/share/arduinobot_description/cmake/arduinobot_descriptionConfig.cmake
-- Symlinking: /ws/install/arduinobot_description/share/arduinobot_description/cmake/arduinobot_descriptionConfig-version.cmake
-- Symlinking: /ws/install/arduinobot_description/share/arduinobot_description/package.xml
---
Finished <<< arduinobot_description [0.99s]
--- output: arduinobot_py_examples
running develop
running egg_info
creating arduinobot_py_examples.egg-info
writing arduinobot_py_examples.egg-info/PKG-INFO
writing dependency_links to arduinobot_py_examples.egg-info/dependency_links.txt
writing entry points to arduinobot_py_examples.egg-info/entry_points.txt
writing requirements to arduinobot_py_examples.egg-info/requires.txt
writing top-level names to arduinobot_py_examples.egg-info/top_level.txt
writing manifest file 'arduinobot_py_examples.egg-info/SOURCES.txt'
reading manifest file 'arduinobot_py_examples.egg-info/SOURCES.txt'
writing manifest file 'arduinobot_py_examples.egg-info/SOURCES.txt'
running build_ext
Creating /ws/install/arduinobot_py_examples/lib/python3.10/site-packages/arduinobot-py-examples.egg-link (link to .)
Installing simple_parameter script to /ws/install/arduinobot_py_examples/lib/arduinobot_py_examples
Installing simple_publisher script to /ws/install/arduinobot_py_examples/lib/arduinobot_py_examples
Installing simple_subscriber script to /ws/install/arduinobot_py_examples/lib/arduinobot_py_examples

Installed /ws/build/arduinobot_py_examples
running symlink_data
creating /ws/install/arduinobot_py_examples/share/ament_index
creating /ws/install/arduinobot_py_examples/share/ament_index/resource_index
creating /ws/install/arduinobot_py_examples/share/ament_index/resource_index/packages
symbolically linking /ws/build/arduinobot_py_examples/resource/arduinobot_py_examples -> /ws/install/arduinobot_py_examples/share/ament_index/resource_index/packages
symbolically linking /ws/build/arduinobot_py_examples/package.xml -> /ws/install/arduinobot_py_examples/share/arduinobot_py_examples
---
Finished <<< arduinobot_py_examples [1.08s]
--- output: arduinobot_cpp_examples
-- The C compiler identification is GNU 11.4.0
-- The CXX compiler identification is GNU 11.4.0
-- Detecting C compiler ABI info
-- Detecting C compiler ABI info - done
-- Check for working C compiler: /usr/bin/cc - skipped
-- Detecting C compile features
-- Detecting C compile features - done
-- Detecting CXX compiler ABI info
-- Detecting CXX compiler ABI info - done
-- Check for working CXX compiler: /usr/bin/c++ - skipped
-- Detecting CXX compile features
-- Detecting CXX compile features - done
-- Found ament_cmake: 1.3.14 (/opt/ros/humble/share/ament_cmake/cmake)
-- Found Python3: /usr/bin/python3 (found version "3.10.12") found components: Interpreter 
-- Override CMake install command with custom implementation using symlinks instead of copying resources
-- Found rclcpp: 16.0.19 (/opt/ros/humble/share/rclcpp/cmake)
-- Found rosidl_generator_c: 3.1.9 (/opt/ros/humble/share/rosidl_generator_c/cmake)
-- Found rosidl_adapter: 3.1.9 (/opt/ros/humble/share/rosidl_adapter/cmake)
-- Found rosidl_generator_cpp: 3.1.9 (/opt/ros/humble/share/rosidl_generator_cpp/cmake)
-- Using all available rosidl_typesupport_c: rosidl_typesupport_fastrtps_c;rosidl_typesupport_introspection_c
-- Using all available rosidl_typesupport_cpp: rosidl_typesupport_fastrtps_cpp;rosidl_typesupport_introspection_cpp
-- Found rmw_implementation_cmake: 6.1.3 (/opt/ros/humble/share/rmw_implementation_cmake/cmake)
-- Found rmw_fastrtps_cpp: 6.2.10 (/opt/ros/humble/share/rmw_fastrtps_cpp/cmake)
-- Found OpenSSL: /usr/lib/x86_64-linux-gnu/libcrypto.so (found version "3.0.2")  
-- Found FastRTPS: /opt/ros/humble/include  
-- Using RMW implementation 'rmw_fastrtps_cpp' as default
-- Looking for pthread.h
-- Looking for pthread.h - found
-- Performing Test CMAKE_HAVE_LIBC_PTHREAD
-- Performing Test CMAKE_HAVE_LIBC_PTHREAD - Success
-- Found Threads: TRUE  
-- Configuring done
-- Generating done
-- Build files have been written to: /ws/build/arduinobot_cpp_examples
[ 16%] Building CXX object CMakeFiles/simple_publisher.dir/src/simple_publisher.cpp.o
[ 33%] Building CXX object CMakeFiles/simple_subscriber.dir/src/simple_subscriber.cpp.o
[ 50%] Building CXX object CMakeFiles/simple_parameter.dir/src/simple_parameter.cpp.o
[ 66%] Linking CXX executable simple_parameter
[ 66%] Built target simple_parameter
[ 83%] Linking CXX executable simple_publisher
[ 83%] Built target simple_publisher
[100%] Linking CXX executable simple_subscriber
[100%] Built target simple_subscriber
-- Install configuration: ""
-- Execute custom install script
-- Symlinking: /ws/install/arduinobot_cpp_examples/lib/arduinobot_cpp_examples/simple_publisher
-- Symlinking: /ws/install/arduinobot_cpp_examples/lib/arduinobot_cpp_examples/simple_subscriber
-- Symlinking: /ws/install/arduinobot_cpp_examples/lib/arduinobot_cpp_examples/simple_parameter
-- Symlinking: /ws/install/arduinobot_cpp_examples/share/ament_index/resource_index/package_run_dependencies/arduinobot_cpp_examples
-- Symlinking: /ws/install/arduinobot_cpp_examples/share/ament_index/resource_index/parent_prefix_path/arduinobot_cpp_examples
-- Symlinking: /ws/install/arduinobot_cpp_examples/share/arduinobot_cpp_examples/environment/ament_prefix_path.sh
-- Symlinking: /ws/install/arduinobot_cpp_examples/share/arduinobot_cpp_examples/environment/ament_prefix_path.dsv
-- Symlinking: /ws/install/arduinobot_cpp_examples/share/arduinobot_cpp_examples/environment/path.sh
-- Symlinking: /ws/install/arduinobot_cpp_examples/share/arduinobot_cpp_examples/environment/path.dsv
-- Symlinking: /ws/install/arduinobot_cpp_examples/share/arduinobot_cpp_examples/local_setup.bash
-- Symlinking: /ws/install/arduinobot_cpp_examples/share/arduinobot_cpp_examples/local_setup.sh
-- Symlinking: /ws/install/arduinobot_cpp_examples/share/arduinobot_cpp_examples/local_setup.zsh
-- Symlinking: /ws/install/arduinobot_cpp_examples/share/arduinobot_cpp_examples/local_setup.dsv
-- Symlinking: /ws/install/arduinobot_cpp_examples/share/arduinobot_cpp_examples/package.dsv
-- Symlinking: /ws/install/arduinobot_cpp_examples/share/ament_index/resource_index/packages/arduinobot_cpp_examples
-- Symlinking: /ws/install/arduinobot_cpp_examples/share/arduinobot_cpp_examples/cmake/arduinobot_cpp_examplesConfig.cmake
-- Symlinking: /ws/install/arduinobot_cpp_examples/share/arduinobot_cpp_examples/cmake/arduinobot_cpp_examplesConfig-version.cmake
-- Symlinking: /ws/install/arduinobot_cpp_examples/share/arduinobot_cpp_examples/package.xml
---
Finished <<< arduinobot_cpp_examples [11.6s]

Summary: 3 packages finished [11.7s]
[exit code: 0]

$ ros2 pkg executables arduinobot_py_examples
arduinobot_py_examples simple_parameter
arduinobot_py_examples simple_publisher
arduinobot_py_examples simple_subscriber
[exit code: 0]

$ ros2 pkg executables arduinobot_cpp_examples
arduinobot_cpp_examples simple_parameter
arduinobot_cpp_examples simple_publisher
arduinobot_cpp_examples simple_subscriber
[exit code: 0]

$ bash -c cd install/arduinobot_description/share/arduinobot_description && find launch urdf rviz meshes -type f | sort
[exit code: 0]

$ ros2 launch arduinobot_description display.launch.py --show-args
Arguments (pass arguments as '<name>:=<value>'):

    'model':
        Absolute path to robot urdf file
        (default: '/ws/install/arduinobot_description/share/arduinobot_description/urdf/arduinobot.urdf.xacro')

    'gui':
        Start joint_state_publisher_gui (true) or the non-graphical joint_state_publisher. Valid choices are: ['true', 'false']
        (default: 'true')
[exit code: 0]

$ colcon test --event-handlers console_cohesion+
Starting >>> arduinobot_cpp_examples
Starting >>> arduinobot_description
Starting >>> arduinobot_py_examples
Finished <<< arduinobot_cpp_examples [0.24s]
--- stderr: arduinobot_description
Errors while running CTest
Output from these tests are in: /ws/build/arduinobot_description/Testing/Temporary/LastTest.log
Use "--rerun-failed --output-on-failure" to re-run the failed cases verbosely.
---
--- output: arduinobot_description
UpdateCTestConfiguration  from :/ws/build/arduinobot_description/CTestConfiguration.ini
Parse Config file:/ws/build/arduinobot_description/CTestConfiguration.ini
   Site: 5b1bc5a7cc7e
   Build name: (empty)
 Add coverage exclude regular expressions.
Create new tag: 20260928-0417 - Experimental
UpdateCTestConfiguration  from :/ws/build/arduinobot_description/CTestConfiguration.ini
Parse Config file:/ws/build/arduinobot_description/CTestConfiguration.ini
Test project /ws/build/arduinobot_description
Constructing a list of tests
Done constructing a list of tests
Updating test list for fixtures
Added 0 tests to meet fixture requirements
Checking test dependency graph...
Checking test dependency graph end
test 1
    Start 1: flake8

1: Test command: /usr/bin/python3 "-u" "/opt/ros/humble/share/ament_cmake_test/cmake/run_test.py" "/ws/build/arduinobot_description/test_results/arduinobot_description/flake8.xunit.xml" "--package-name" "arduinobot_description" "--output-file" "/ws/build/arduinobot_description/ament_flake8/flake8.txt" "--command" "/opt/ros/humble/bin/ament_flake8" "--xunit-file" "/ws/build/arduinobot_description/test_results/arduinobot_description/flake8.xunit.xml"
1: Test timeout computed to be: 60
1: -- run_test.py: invoking following command in '/ws/src/arduinobot_description':
1:  - /opt/ros/humble/bin/ament_flake8 --xunit-file /ws/build/arduinobot_description/test_results/arduinobot_description/flake8.xunit.xml
1: 
1: 2 files checked
1: No problems found
1: 
1: Checked files:
1: 
1: * ./launch/display.launch.py
1: * ./launch/gazebo.launch.py
1: -- run_test.py: return code 0
1: -- run_test.py: verify result file '/ws/build/arduinobot_description/test_results/arduinobot_description/flake8.xunit.xml'
1/4 Test #1: flake8 ...........................   Passed    0.25 sec
test 2
    Start 2: lint_cmake

2: Test command: /usr/bin/python3 "-u" "/opt/ros/humble/share/ament_cmake_test/cmake/run_test.py" "/ws/build/arduinobot_description/test_results/arduinobot_description/lint_cmake.xunit.xml" "--package-name" "arduinobot_description" "--output-file" "/ws/build/arduinobot_description/ament_lint_cmake/lint_cmake.txt" "--command" "/opt/ros/humble/bin/ament_lint_cmake" "--xunit-file" "/ws/build/arduinobot_description/test_results/arduinobot_description/lint_cmake.xunit.xml"
2: Test timeout computed to be: 60
2: -- run_test.py: invoking following command in '/ws/src/arduinobot_description':
2:  - /opt/ros/humble/bin/ament_lint_cmake --xunit-file /ws/build/arduinobot_description/test_results/arduinobot_description/lint_cmake.xunit.xml
2: 
2: No problems found
2: -- run_test.py: return code 0
2: -- run_test.py: verify result file '/ws/build/arduinobot_description/test_results/arduinobot_description/lint_cmake.xunit.xml'
2/4 Test #2: lint_cmake .......................   Passed    0.14 sec
test 3
    Start 3: pep257

3: Test command: /usr/bin/python3 "-u" "/opt/ros/humble/share/ament_cmake_test/cmake/run_test.py" "/ws/build/arduinobot_description/test_results/arduinobot_description/pep257.xunit.xml" "--package-name" "arduinobot_description" "--output-file" "/ws/build/arduinobot_description/ament_pep257/pep257.txt" "--command" "/opt/ros/humble/bin/ament_pep257" "--xunit-file" "/ws/build/arduinobot_description/test_results/arduinobot_description/pep257.xunit.xml"
3: Test timeout computed to be: 60
3: -- run_test.py: invoking following command in '/ws/src/arduinobot_description':
3:  - /opt/ros/humble/bin/ament_pep257 --xunit-file /ws/build/arduinobot_description/test_results/arduinobot_description/pep257.xunit.xml
3: checking ./launch/display.launch.py
3: checking ./launch/gazebo.launch.py
3: No problems found
3: -- run_test.py: return code 0
3: -- run_test.py: verify result file '/ws/build/arduinobot_description/test_results/arduinobot_description/pep257.xunit.xml'
3/4 Test #3: pep257 ...........................   Passed    0.20 sec
test 4
    Start 4: xmllint

4: Test command: /usr/bin/python3 "-u" "/opt/ros/humble/share/ament_cmake_test/cmake/run_test.py" "/ws/build/arduinobot_description/test_results/arduinobot_description/xmllint.xunit.xml" "--package-name" "arduinobot_description" "--output-file" "/ws/build/arduinobot_description/ament_xmllint/xmllint.txt" "--command" "/opt/ros/humble/bin/ament_xmllint" "--xunit-file" "/ws/build/arduinobot_description/test_results/arduinobot_description/xmllint.xunit.xml"
4: Test timeout computed to be: 60
4: -- run_test.py: invoking following command in '/ws/src/arduinobot_description':
4:  - /opt/ros/humble/bin/ament_xmllint --xunit-file /ws/build/arduinobot_description/test_results/arduinobot_description/xmllint.xunit.xml
4: File 'package.xml' is invalid:
4: error : Resource temporarily unavailable
4: warning: failed to load external entity "http://download.ros.org/schema/package_format3.xsd"
4: Schemas parser error : Failed to locate the main schema resource at 'http://download.ros.org/schema/package_format3.xsd'.
4: WXS schema http://download.ros.org/schema/package_format3.xsd failed to compile
4: 
4: 1 files are invalid
4: -- run_test.py: return code 1
4: -- run_test.py: verify result file '/ws/build/arduinobot_description/test_results/arduinobot_description/xmllint.xunit.xml'
4/4 Test #4: xmllint ..........................***Failed    0.16 sec

75% tests passed, 1 tests failed out of 4

Label Time Summary:
flake8        =   0.25 sec*proc (1 test)
lint_cmake    =   0.14 sec*proc (1 test)
linter        =   0.74 sec*proc (4 tests)
pep257        =   0.20 sec*proc (1 test)
xmllint       =   0.16 sec*proc (1 test)

Total Test time (real) =   0.74 sec

The following tests FAILED:
	  4 - xmllint (Failed)
Errors while running CTest
Output from these tests are in: /ws/build/arduinobot_description/Testing/Temporary/LastTest.log
Use "--rerun-failed --output-on-failure" to re-run the failed cases verbosely.
---
Finished <<< arduinobot_description [0.99s]	[ with test failures ]
--- output: arduinobot_py_examples
============================= test session starts ==============================
platform linux -- Python 3.10.12, pytest-6.2.5, py-1.10.0, pluggy-0.13.0
cachedir: /ws/build/arduinobot_py_examples/.pytest_cache
rootdir: /ws/src/arduinobot_py_examples
plugins: ament-flake8-0.12.15, ament-lint-0.12.15, ament-pep257-0.12.15, launch-testing-1.0.14, ament-copyright-0.12.15, ament-xmllint-0.12.15, launch-testing-ros-0.19.14, colcon-core-0.21.1
collected 9 items

test/test_copyright.py s                                                 [ 11%]
test/test_flake8.py .                                                    [ 22%]
test/test_pep257.py .                                                    [ 33%]

=============================== warnings summary ===============================
test/test_flake8.py::test_flake8
test/test_flake8.py::test_flake8
  Warning: SelectableGroups dict interface is deprecated. Use select.

-- Docs: https://docs.pytest.org/en/stable/warnings.html
test/test_simple_parameter.py ......                                     [100%]
------- generated xml file: /ws/build/arduinobot_py_examples/pytest.xml --------
=================== 8 passed, 1 skipped, 2 warnings in 0.44s ===================
---
--- stderr: arduinobot_py_examples

=============================== warnings summary ===============================
test/test_flake8.py::test_flake8
test/test_flake8.py::test_flake8
  Warning: SelectableGroups dict interface is deprecated. Use select.

-- Docs: https://docs.pytest.org/en/stable/warnings.html
---
Finished <<< arduinobot_py_examples [1.11s]

Summary: 3 packages finished [1.36s]
  2 packages had stderr output: arduinobot_description arduinobot_py_examples
  1 package had test failures: arduinobot_description
[exit code: 0]

$ colcon test-result --all --verbose
build/arduinobot_description/Testing/20260928-0417/Test.xml: 4 tests, 0 errors, 1 failure, 0 skipped
- xmllint
  <<< failure message
    -- run_test.py: invoking following command in '/ws/src/arduinobot_description':
     - /opt/ros/humble/bin/ament_xmllint --xunit-file /ws/build/arduinobot_description/test_results/arduinobot_description/xmllint.xunit.xml
    File 'package.xml' is invalid:
    error : Resource temporarily unavailable
    warning: failed to load external entity "http://download.ros.org/schema/package_format3.xsd"
    Schemas parser error : Failed to locate the main schema resource at 'http://download.ros.org/schema/package_format3.xsd'.
    WXS schema http://download.ros.org/schema/package_format3.xsd failed to compile
    
    1 files are invalid
    -- run_test.py: return code 1
    -- run_test.py: verify result file '/ws/build/arduinobot_description/test_results/arduinobot_description/xmllint.xunit.xml'
  >>>
build/arduinobot_description/test_results/arduinobot_description/flake8.xunit.xml: 1 test, 0 errors, 0 failures, 0 skipped
build/arduinobot_description/test_results/arduinobot_description/lint_cmake.xunit.xml: 1 test, 0 errors, 0 failures, 0 skipped
build/arduinobot_description/test_results/arduinobot_description/pep257.xunit.xml: 2 tests, 0 errors, 0 failures, 0 skipped
build/arduinobot_description/test_results/arduinobot_description/xmllint.xunit.xml: 1 test, 0 errors, 1 failure, 0 skipped
- arduinobot_description.xmllint package.xml
  <<< failure message
    Diff with 336 lines
  >>>
build/arduinobot_py_examples/pytest.xml: 9 tests, 0 errors, 0 failures, 1 skipped

Summary: 18 tests, 0 errors, 2 failures, 1 skipped
[exit code: 1]
