================ A: ros2 launch arduinobot_description display.launch.py (default gui:=true)

$ ros2 node list --no-daemon --spin-time 5
/joint_state_publisher
/robot_state_publisher
/rviz2
/transform_listener_impl_55a3b3a6a1f0
[exit code: 0]

$ ros2 topic info /joint_states --no-daemon --spin-time 5
Type: sensor_msgs/msg/JointState
Publisher count: 1
Subscription count: 1
[exit code: 0]

$ ros2 topic info -v /robot_description --no-daemon --spin-time 5
Type: std_msgs/msg/String

Publisher count: 1

Node name: robot_state_publisher
Node namespace: /
Topic type: std_msgs/msg/String
Endpoint type: PUBLISHER
GID: 01.0f.7f.01.31.00.20.2c.00.00.00.00.00.00.14.03.00.00.00.00.00.00.00.00
QoS profile:
  Reliability: RELIABLE
  History (Depth): UNKNOWN
  Durability: TRANSIENT_LOCAL
  Lifespan: Infinite
  Deadline: Infinite
  Liveliness: AUTOMATIC
  Liveliness lease duration: Infinite

Subscription count: 2

Node name: joint_state_publisher
Node namespace: /
Topic type: std_msgs/msg/String
Endpoint type: SUBSCRIPTION
GID: 01.0f.7f.01.2f.00.25.4e.00.00.00.00.00.00.11.04.00.00.00.00.00.00.00.00
QoS profile:
  Reliability: RELIABLE
  History (Depth): UNKNOWN
  Durability: TRANSIENT_LOCAL
  Lifespan: Infinite
  Deadline: Infinite
  Liveliness: AUTOMATIC
  Liveliness lease duration: Infinite

Node name: rviz2
Node namespace: /
Topic type: std_msgs/msg/String
Endpoint type: SUBSCRIPTION
GID: 01.0f.7f.01.33.00.83.d1.00.00.00.00.00.00.17.04.00.00.00.00.00.00.00.00
QoS profile:
  Reliability: RELIABLE
  History (Depth): UNKNOWN
  Durability: TRANSIENT_LOCAL
  Lifespan: Infinite
  Deadline: Infinite
  Liveliness: AUTOMATIC
  Liveliness lease duration: Infinite

[exit code: 0]

$ bash -c xdotool search --name '.' getwindowname %@ 2>/dev/null | sort -u | grep -v '^$'
/ws/install/arduinobot_description/share/arduinobot_description/rviz/display.rviz - RViz
Joint State Publisher
Qt Selection Owner for joint_state_publisher_gui
Qt Selection Owner for rviz2
joint_state_publisher_gui
rviz2
[exit code: 0]
screenshot: 50_display_launch_screen.png (whole virtual screen)
screenshot: 50_display_launch_rviz.png (window 'RViz' id 2097172)
screenshot: 50_display_launch_jsp_gui.png (window 'Joint State Publisher' id 8388614)
--- launch log
[INFO] [launch]: All log files can be found below /root/.ros/log/2026-09-28-04-24-21-188314-35d3d1649630-44
[INFO] [launch]: Default logging verbosity is set to INFO
[INFO] [joint_state_publisher_gui-1]: process started with pid [47]
[INFO] [robot_state_publisher-2]: process started with pid [49]
[INFO] [rviz2-3]: process started with pid [51]
[robot_state_publisher-2] [INFO] [1790569461.373745418] [robot_state_publisher]: got segment base_link
[robot_state_publisher-2] [INFO] [1790569461.373940014] [robot_state_publisher]: got segment base_plate
[robot_state_publisher-2] [INFO] [1790569461.373947098] [robot_state_publisher]: got segment claw_support
[robot_state_publisher-2] [INFO] [1790569461.373951232] [robot_state_publisher]: got segment forward_drive_arm
[robot_state_publisher-2] [INFO] [1790569461.373954820] [robot_state_publisher]: got segment gripper_left
[robot_state_publisher-2] [INFO] [1790569461.373958012] [robot_state_publisher]: got segment gripper_right
[robot_state_publisher-2] [INFO] [1790569461.373960916] [robot_state_publisher]: got segment horizontal_arm
[robot_state_publisher-2] [INFO] [1790569461.373963953] [robot_state_publisher]: got segment world
[rviz2-3] QStandardPaths: XDG_RUNTIME_DIR not set, defaulting to '/tmp/runtime-root'
[rviz2-3] [INFO] [1790569461.562763499] [rviz2]: Stereo is NOT SUPPORTED
[rviz2-3] [INFO] [1790569461.563748015] [rviz2]: OpenGl version: 4.5 (GLSL 4.5)
[rviz2-3] [INFO] [1790569461.615300602] [rviz2]: Stereo is NOT SUPPORTED
[joint_state_publisher_gui-1] QStandardPaths: XDG_RUNTIME_DIR not set, defaulting to '/tmp/runtime-root'
[joint_state_publisher_gui-1] [INFO] [1790569461.713176455] [joint_state_publisher]: Waiting for robot_description to be published on the robot_description topic...
[joint_state_publisher_gui-1] [INFO] [1790569461.726053268] [joint_state_publisher]: Centering
[joint_state_publisher_gui-1] [INFO] [1790569461.926354694] [joint_state_publisher]: Centering
[robot_state_publisher-2] [INFO] [1790569505.440452730] [rclcpp]: signal_handler(SIGINT/SIGTERM)
[rviz2-3] [INFO] [1790569505.440570156] [rclcpp]: signal_handler(SIGINT/SIGTERM)
[ERROR] [joint_state_publisher_gui-1]: process has died [pid 47, exit code -2, cmd '/opt/underlay/install/lib/joint_state_publisher_gui/joint_state_publisher_gui --ros-args'].
[INFO] [robot_state_publisher-2]: process has finished cleanly [pid 49]
[INFO] [rviz2-3]: process has finished cleanly [pid 51]

================ B: RViz started 8 s AFTER robot_state_publisher (late join), non-zero joint values

$ ros2 topic info -v /robot_description --no-daemon --spin-time 5
Type: std_msgs/msg/String

Publisher count: 1

Node name: robot_state_publisher
Node namespace: /
Topic type: std_msgs/msg/String
Endpoint type: PUBLISHER
GID: 01.0f.7f.01.ad.00.2d.71.00.00.00.00.00.00.14.03.00.00.00.00.00.00.00.00
QoS profile:
  Reliability: RELIABLE
  History (Depth): UNKNOWN
  Durability: TRANSIENT_LOCAL
  Lifespan: Infinite
  Deadline: Infinite
  Liveliness: AUTOMATIC
  Liveliness lease duration: Infinite

Subscription count: 2

Node name: joint_state_publisher
Node namespace: /
Topic type: std_msgs/msg/String
Endpoint type: SUBSCRIPTION
GID: 01.0f.7f.01.b7.00.15.85.00.00.00.00.00.00.11.04.00.00.00.00.00.00.00.00
QoS profile:
  Reliability: RELIABLE
  History (Depth): UNKNOWN
  Durability: TRANSIENT_LOCAL
  Lifespan: Infinite
  Deadline: Infinite
  Liveliness: AUTOMATIC
  Liveliness lease duration: Infinite

Node name: rviz
Node namespace: /
Topic type: std_msgs/msg/String
Endpoint type: SUBSCRIPTION
GID: 01.0f.7f.01.c4.00.ce.1b.00.00.00.00.00.00.17.04.00.00.00.00.00.00.00.00
QoS profile:
  Reliability: RELIABLE
  History (Depth): UNKNOWN
  Durability: TRANSIENT_LOCAL
  Lifespan: Infinite
  Deadline: Infinite
  Liveliness: AUTOMATIC
  Liveliness lease duration: Infinite

[exit code: 0]
screenshot: 50_late_join_posed_rviz.png (window 'RViz' id 2097172)
--- rviz log
QStandardPaths: XDG_RUNTIME_DIR not set, defaulting to '/tmp/runtime-root'
[INFO] [1790569516.282289870] [rviz2]: Stereo is NOT SUPPORTED
[INFO] [1790569516.282431071] [rviz2]: OpenGl version: 4.5 (GLSL 4.5)
[INFO] [1790569516.335790520] [rviz2]: Stereo is NOT SUPPORTED
[INFO] [1790569547.207176946] [rclcpp]: signal_handler(SIGINT/SIGTERM)
